Archive member included to satisfy reference by file (symbol)

/opt/ST/STM32CubeCLT_1.17.0/GNU-tools-for-STM32/bin/../lib/gcc/arm-none-eabi/12.3.1/../../../../arm-none-eabi/lib/thumb/v7e-m+fp/hard/libc.a(libc_a-exit.o)
                              /opt/ST/STM32CubeCLT_1.17.0/GNU-tools-for-STM32/bin/../lib/gcc/arm-none-eabi/12.3.1/../../../../arm-none-eabi/lib/thumb/v7e-m+fp/hard/crt0.o (exit)
/opt/ST/STM32CubeCLT_1.17.0/GNU-tools-for-STM32/bin/../lib/gcc/arm-none-eabi/12.3.1/../../../../arm-none-eabi/lib/thumb/v7e-m+fp/hard/libc.a(libc_a-findfp.o)
                              /opt/ST/STM32CubeCLT_1.17.0/GNU-tools-for-STM32/bin/../lib/gcc/arm-none-eabi/12.3.1/../../../../arm-none-eabi/lib/thumb/v7e-m+fp/hard/libc.a(libc_a-exit.o) (__stdio_exit_handler)
/opt/ST/STM32CubeCLT_1.17.0/GNU-tools-for-STM32/bin/../lib/gcc/arm-none-eabi/12.3.1/../../../../arm-none-eabi/lib/thumb/v7e-m+fp/hard/libc.a(libc_a-fwalk.o)
                              /opt/ST/STM32CubeCLT_1.17.0/GNU-tools-for-STM32/bin/../lib/gcc/arm-none-eabi/12.3.1/../../../../arm-none-eabi/lib/thumb/v7e-m+fp/hard/libc.a(libc_a-findfp.o) (_fwalk_sglue)
/opt/ST/STM32CubeCLT_1.17.0/GNU-tools-for-STM32/bin/../lib/gcc/arm-none-eabi/12.3.1/../../../../arm-none-eabi/lib/thumb/v7e-m+fp/hard/libc.a(libc_a-memset.o)
                              /opt/ST/STM32CubeCLT_1.17.0/GNU-tools-for-STM32/bin/../lib/gcc/arm-none-eabi/12.3.1/../../../../arm-none-eabi/lib/thumb/v7e-m+fp/hard/crt0.o (memset)
/opt/ST/STM32CubeCLT_1.17.0/GNU-tools-for-STM32/bin/../lib/gcc/arm-none-eabi/12.3.1/../../../../arm-none-eabi/lib/thumb/v7e-m+fp/hard/libc.a(libc_a-impure.o)
                              /opt/ST/STM32CubeCLT_1.17.0/GNU-tools-for-STM32/bin/../lib/gcc/arm-none-eabi/12.3.1/../../../../arm-none-eabi/lib/thumb/v7e-m+fp/hard/libc.a(libc_a-findfp.o) (_impure_data)
/opt/ST/STM32CubeCLT_1.17.0/GNU-tools-for-STM32/bin/../lib/gcc/arm-none-eabi/12.3.1/../../../../arm-none-eabi/lib/thumb/v7e-m+fp/hard/libc.a(libc_a-init.o)
                              /opt/ST/STM32CubeCLT_1.17.0/GNU-tools-for-STM32/bin/../lib/gcc/arm-none-eabi/12.3.1/../../../../arm-none-eabi/lib/thumb/v7e-m+fp/hard/crt0.o (__libc_init_array)
/opt/ST/STM32CubeCLT_1.17.0/GNU-tools-for-STM32/bin/../lib/gcc/arm-none-eabi/12.3.1/../../../../arm-none-eabi/lib/thumb/v7e-m+fp/hard/libc.a(libc_a-lock.o)
                              /opt/ST/STM32CubeCLT_1.17.0/GNU-tools-for-STM32/bin/../lib/gcc/arm-none-eabi/12.3.1/../../../../arm-none-eabi/lib/thumb/v7e-m+fp/hard/libc.a(libc_a-findfp.o) (__retarget_lock_init_recursive)
/opt/ST/STM32CubeCLT_1.17.0/GNU-tools-for-STM32/bin/../lib/gcc/arm-none-eabi/12.3.1/../../../../arm-none-eabi/lib/thumb/v7e-m+fp/hard/libc.a(libc_a-__call_atexit.o)
                              /opt/ST/STM32CubeCLT_1.17.0/GNU-tools-for-STM32/bin/../lib/gcc/arm-none-eabi/12.3.1/../../../../arm-none-eabi/lib/thumb/v7e-m+fp/hard/libc.a(libc_a-exit.o) (__call_exitprocs)
/opt/ST/STM32CubeCLT_1.17.0/GNU-tools-for-STM32/bin/../lib/gcc/arm-none-eabi/12.3.1/../../../../arm-none-eabi/lib/thumb/v7e-m+fp/hard/libc.a(libc_a-atexit.o)
                              /opt/ST/STM32CubeCLT_1.17.0/GNU-tools-for-STM32/bin/../lib/gcc/arm-none-eabi/12.3.1/../../../../arm-none-eabi/lib/thumb/v7e-m+fp/hard/libc.a(libc_a-__call_atexit.o) (atexit)
/opt/ST/STM32CubeCLT_1.17.0/GNU-tools-for-STM32/bin/../lib/gcc/arm-none-eabi/12.3.1/../../../../arm-none-eabi/lib/thumb/v7e-m+fp/hard/libc.a(libc_a-mallocr.o)
                              /opt/ST/STM32CubeCLT_1.17.0/GNU-tools-for-STM32/bin/../lib/gcc/arm-none-eabi/12.3.1/../../../../arm-none-eabi/lib/thumb/v7e-m+fp/hard/libc.a(libc_a-findfp.o) (_malloc_r)
/opt/ST/STM32CubeCLT_1.17.0/GNU-tools-for-STM32/bin/../lib/gcc/arm-none-eabi/12.3.1/../../../../arm-none-eabi/lib/thumb/v7e-m+fp/hard/libc.a(libc_a-mlock.o)
                              /opt/ST/STM32CubeCLT_1.17.0/GNU-tools-for-STM32/bin/../lib/gcc/arm-none-eabi/12.3.1/../../../../arm-none-eabi/lib/thumb/v7e-m+fp/hard/libc.a(libc_a-mallocr.o) (__malloc_lock)
/opt/ST/STM32CubeCLT_1.17.0/GNU-tools-for-STM32/bin/../lib/gcc/arm-none-eabi/12.3.1/../../../../arm-none-eabi/lib/thumb/v7e-m+fp/hard/libc.a(libc_a-fclose.o)
                              /opt/ST/STM32CubeCLT_1.17.0/GNU-tools-for-STM32/bin/../lib/gcc/arm-none-eabi/12.3.1/../../../../arm-none-eabi/lib/thumb/v7e-m+fp/hard/libc.a(libc_a-findfp.o) (_fclose_r)
/opt/ST/STM32CubeCLT_1.17.0/GNU-tools-for-STM32/bin/../lib/gcc/arm-none-eabi/12.3.1/../../../../arm-none-eabi/lib/thumb/v7e-m+fp/hard/libc.a(libc_a-fflush.o)
                              /opt/ST/STM32CubeCLT_1.17.0/GNU-tools-for-STM32/bin/../lib/gcc/arm-none-eabi/12.3.1/../../../../arm-none-eabi/lib/thumb/v7e-m+fp/hard/libc.a(libc_a-fclose.o) (__sflush_r)
/opt/ST/STM32CubeCLT_1.17.0/GNU-tools-for-STM32/bin/../lib/gcc/arm-none-eabi/12.3.1/../../../../arm-none-eabi/lib/thumb/v7e-m+fp/hard/libc.a(libc_a-stdio.o)
[...]
Memory Configuration

Name             Origin             Length             Attributes
CCMRAM           0x10000000         0x00010000         xrw
RAM              0x20000000         0x00020000         xrw
FLASH            0x08000000         0x00100000         xr
*default*        0x00000000         0xffffffff

Linker script and memory map

LOAD /opt/ST/STM32CubeCLT_1.17.0/GNU-tools-for-STM32/bin/../lib/gcc/arm-none-eabi/12.3.1/thumb/v7e-m+fp/hard/crti.o
LOAD /opt/ST/STM32CubeCLT_1.17.0/GNU-tools-for-STM32/bin/../lib/gcc/arm-none-eabi/12.3.1/thumb/v7e-m+fp/hard/crtbegin.o
LOAD /opt/ST/STM32CubeCLT_1.17.0/GNU-tools-for-STM32/bin/../lib/gcc/arm-none-eabi/12.3.1/../../../../arm-none-eabi/lib/thumb/v7e-m+fp/hard/crt0.o
START GROUP
LOAD /opt/ST/STM32CubeCLT_1.17.0/GNU-tools-for-STM32/bin/../lib/gcc/arm-none-eabi/12.3.1/../../../../arm-none-eabi/lib/thumb/v7e-m+fp/hard/libc.a
LOAD /opt/ST/STM32CubeCLT_1.17.0/GNU-tools-for-STM32/bin/../lib/gcc/arm-none-eabi/12.3.1/../../../../arm-none-eabi/lib/thumb/v7e-m+fp/hard/libm.a
LOAD /opt/ST/STM32CubeCLT_1.17.0/GNU-tools-for-STM32/bin/../lib/gcc/arm-none-eabi/12.3.1/../../../../arm-none-eabi/lib/thumb/v7e-m+fp/hard/libstdc++.a
LOAD /opt/ST/STM32CubeCLT_1.17.0/GNU-tools-for-STM32/bin/../lib/gcc/arm-none-eabi/12.3.1/../../../../arm-none-eabi/lib/thumb/v7e-m+fp/hard/libsupc++.a
END GROUP
LOAD CMakeFiles/Yun_project.dir/Drivers/FWlib/src/misc.c.obj
LOAD CMakeFiles/Yun_project.dir/Drivers/FWlib/src/stm32f4xx_adc.c.obj
LOAD CMakeFiles/Yun_project.dir/Drivers/FWlib/src/stm32f4xx_can.c.obj
LOAD CMakeFiles/Yun_project.dir/Drivers/FWlib/src/stm32f4xx_cec.c.obj
LOAD CMakeFiles/Yun_project.dir/Drivers/FWlib/src/stm32f4xx_crc.c.obj
LOAD CMakeFiles/Yun_project.dir/Drivers/FWlib/src/stm32f4xx_cryp.c.obj
LOAD CMakeFiles/Yun_project.dir/Drivers/FWlib/src/stm32f4xx_cryp_aes.c.obj
LOAD CMakeFiles/Yun_project.dir/Drivers/FWlib/src/stm32f4xx_cryp_des.c.obj
LOAD CMakeFiles/Yun_project.dir/Drivers/FWlib/src/stm32f4xx_cryp_tdes.c.obj
LOAD CMakeFiles/Yun_project.dir/Drivers/FWlib/src/stm32f4xx_dac.c.obj
LOAD CMakeFiles/Yun_project.dir/Drivers/FWlib/src/stm32f4xx_dbgmcu.c.obj
LOAD CMakeFiles/Yun_project.dir/Drivers/FWlib/src/stm32f4xx_dcmi.c.obj
LOAD CMakeFiles/Yun_project.dir/Drivers/FWlib/src/stm32f4xx_dfsdm.c.obj
LOAD CMakeFiles/Yun_project.dir/Drivers/FWlib/src/stm32f4xx_dma.c.obj
LOAD CMakeFiles/Yun_project.dir/Drivers/FWlib/src/stm32f4xx_dma2d.c.obj
LOAD CMakeFiles/Yun_project.dir/Drivers/FWlib/src/stm32f4xx_dsi.c.obj
LOAD CMakeFiles/Yun_project.dir/Drivers/FWlib/src/stm32f4xx_exti.c.obj
LOAD CMakeFiles/Yun_project.dir/Drivers/FWlib/src/stm32f4xx_flash.c.obj
LOAD CMakeFiles/Yun_project.dir/Drivers/FWlib/src/stm32f4xx_flash_ramfunc.c.obj
LOAD CMakeFiles/Yun_project.dir/Drivers/FWlib/src/stm32f4xx_fmpi2c.c.obj
LOAD CMakeFiles/Yun_project.dir/Drivers/FWlib/src/stm32f4xx_fsmc.c.obj
LOAD CMakeFiles/Yun_project.dir/Drivers/FWlib/src/stm32f4xx_gpio.c.obj
LOAD CMakeFiles/Yun_project.dir/Drivers/FWlib/src/stm32f4xx_hash.c.obj
LOAD CMakeFiles/Yun_project.dir/Drivers/FWlib/src/stm32f4xx_hash_md5.c.obj
LOAD CMakeFiles/Yun_project.dir/Drivers/FWlib/src/stm32f4xx_hash_sha1.c.obj
LOAD CMakeFiles/Yun_project.dir/Drivers/FWlib/src/stm32f4xx_i2c.c.obj
LOAD CMakeFiles/Yun_project.dir/Drivers/FWlib/src/stm32f4xx_iwdg.c.obj
LOAD CMakeFiles/Yun_project.dir/Drivers/FWlib/src/stm32f4xx_lptim.c.obj
LOAD CMakeFiles/Yun_project.dir/Drivers/FWlib/src/stm32f4xx_ltdc.c.obj
LOAD CMakeFiles/Yun_project.dir/Drivers/FWlib/src/stm32f4xx_pwr.c.obj
LOAD CMakeFiles/Yun_project.dir/Drivers/FWlib/src/stm32f4xx_qspi.c.obj
LOAD CMakeFiles/Yun_project.dir/Drivers/FWlib/src/stm32f4xx_rcc.c.obj
LOAD CMakeFiles/Yun_project.dir/Drivers/FWlib/src/stm32f4xx_rng.c.obj
LOAD CMakeFiles/Yun_project.dir/Drivers/FWlib/src/stm32f4xx_rtc.c.obj
LOAD CMakeFiles/Yun_project.dir/Drivers/FWlib/src/stm32f4xx_sai.c.obj
LOAD CMakeFiles/Yun_project.dir/Drivers/FWlib/src/stm32f4xx_sdio.c.obj
LOAD CMakeFiles/Yun_project.dir/Drivers/FWlib/src/stm32f4xx_spdifrx.c.obj
LOAD CMakeFiles/Yun_project.dir/Drivers/FWlib/src/stm32f4xx_spi.c.obj
LOAD CMakeFiles/Yun_project.dir/Drivers/FWlib/src/stm32f4xx_syscfg.c.obj
LOAD CMakeFiles/Yun_project.dir/Drivers/FWlib/src/stm32f4xx_tim.c.obj
LOAD CMakeFiles/Yun_project.dir/Drivers/FWlib/src/stm32f4xx_usart.c.obj
LOAD CMakeFiles/Yun_project.dir/Drivers/FWlib/src/stm32f4xx_wwdg.c.obj
LOAD CMakeFiles/Yun_project.dir/Drivers/wPeri/Src/wDac.c.obj
LOAD CMakeFiles/Yun_project.dir/Drivers/wPeri/Src/wDelay.c.obj
LOAD CMakeFiles/Yun_project.dir/Drivers/wPeri/Src/wIO.c.obj
LOAD CMakeFiles/Yun_project.dir/Drivers/wPeri/Src/wNVIC.c.obj
LOAD CMakeFiles/Yun_project.dir/Drivers/wPeri/Src/wTim.c.obj
LOAD CMakeFiles/Yun_project.dir/Drivers/wPeri/Src/wUsart.c.obj
LOAD CMakeFiles/Yun_project.dir/Startup/startup_stm32f405rgtx.s.obj
LOAD CMakeFiles/Yun_project.dir/src/main.c.obj
LOAD CMakeFiles/Yun_project.dir/src/stm32f4xx_it.c.obj
LOAD CMakeFiles/Yun_project.dir/src/syscall.c.obj
LOAD CMakeFiles/Yun_project.dir/src/sysmem.c.obj
LOAD CMakeFiles/Yun_project.dir/src/system_stm32f4xx.c.obj
LOAD CMakeFiles/Yun_project.dir/src/tickTask.c.obj
START GROUP
LOAD /opt/ST/STM32CubeCLT_1.17.0/GNU-tools-for-STM32/bin/../lib/gcc/arm-none-eabi/12.3.1/thumb/v7e-m+fp/hard/libgcc.a
LOAD /opt/ST/STM32CubeCLT_1.17.0/GNU-tools-for-STM32/bin/../lib/gcc/arm-none-eabi/12.3.1/../../../../arm-none-eabi/lib/thumb/v7e-m+fp/hard/libg.a
LOAD /opt/ST/STM32CubeCLT_1.17.0/GNU-tools-for-STM32/bin/../lib/gcc/arm-none-eabi/12.3.1/../../../../arm-none-eabi/lib/thumb/v7e-m+fp/hard/libc.a
END GROUP
START GROUP
LOAD /opt/ST/STM32CubeCLT_1.17.0/GNU-tools-for-STM32/bin/../lib/gcc/arm-none-eabi/12.3.1/thumb/v7e-m+fp/hard/libgcc.a
LOAD /opt/ST/STM32CubeCLT_1.17.0/GNU-tools-for-STM32/bin/../lib/gcc/arm-none-eabi/12.3.1/../../../../arm-none-eabi/lib/thumb/v7e-m+fp/hard/libc.a
LOAD /opt/ST/STM32CubeCLT_1.17.0/GNU-tools-for-STM32/bin/../lib/gcc/arm-none-eabi/12.3.1/../../../../arm-none-eabi/lib/thumb/v7e-m+fp/hard/libnosys.a
END GROUP
LOAD /opt/ST/STM32CubeCLT_1.17.0/GNU-tools-for-STM32/bin/../lib/gcc/arm-none-eabi/12.3.1/thumb/v7e-m+fp/hard/crtend.o
LOAD /opt/ST/STM32CubeCLT_1.17.0/GNU-tools-for-STM32/bin/../lib/gcc/arm-none-eabi/12.3.1/thumb/v7e-m+fp/hard/crtn.o
                0x20020000                        _estack = (ORIGIN (RAM) + LENGTH (RAM))
                0x00000200                        _Min_Heap_Size = 0x200
                0x00000400                        _Min_Stack_Size = 0x400

.isr_vector     0x08000000      0x188
                0x08000000                        . = ALIGN (0x4)
 *(.isr_vector)
 .isr_vector    0x08000000      0x188 CMakeFiles/Yun_project.dir/Startup/startup_stm32f405rgtx.s.obj
                0x08000000                g_pfnVectors
                0x08000188                        . = ALIGN (0x4)

.text           0x08000188     0x109c
                0x08000188                        . = ALIGN (0x4)
 *(.text)
 .text          0x08000188       0x40 /opt/ST/STM32CubeCLT_1.17.0/GNU-tools-for-STM32/bin/../lib/gcc/arm-none-eabi/12.3.1/thumb/v7e-m+fp/hard/crtbegin.o
 *(.text*)
 .text.__libc_init_array
                0x080001c8       0x48 /opt/ST/STM32CubeCLT_1.17.0/GNU-tools-for-STM32/bin/../lib/gcc/arm-none-eabi/12.3.1/../../../../arm-none-eabi/lib/thumb/v7e-m+fp/hard/libc.a(libc_a-init.o)
                0x080001c8                __libc_init_array
 .text.__retarget_lock_acquire_recursive
                0x08000210        0x2 /opt/ST/STM32CubeCLT_1.17.0/GNU-tools-for-STM32/bin/../lib/gcc/arm-none-eabi/12.3.1/../../../../arm-none-eabi/lib/thumb/v7e-m+fp/hard/libc.a(libc_a-lock.o)
                0x08000210                __retarget_lock_acquire_recursive
 .text.__retarget_lock_release_recursive
                0x08000212        0x2 /opt/ST/STM32CubeCLT_1.17.0/GNU-tools-for-STM32/bin/../lib/gcc/arm-none-eabi/12.3.1/../../../../arm-none-eabi/lib/thumb/v7e-m+fp/hard/libc.a(libc_a-lock.o)
                0x08000212                __retarget_lock_release_recursive
 .text.startup.register_fini
                0x08000214       0x14 /opt/ST/STM32CubeCLT_1.17.0/GNU-tools-for-STM32/bin/../lib/gcc/arm-none-eabi/12.3.1/../../../../arm-none-eabi/lib/thumb/v7e-m+fp/hard/libc.a(libc_a-__call_atexit.o)
 .text.atexit   0x08000228        0xc /opt/ST/STM32CubeCLT_1.17.0/GNU-tools-for-STM32/bin/../lib/gcc/arm-none-eabi/12.3.1/../../../../arm-none-eabi/lib/thumb/v7e-m+fp/hard/libc.a(libc_a-atexit.o)
                0x08000228                atexit
 .text.__libc_fini_array
                0x08000234       0x28 /opt/ST/STM32CubeCLT_1.17.0/GNU-tools-for-STM32/bin/../lib/gcc/arm-none-eabi/12.3.1/../../../../arm-none-eabi/lib/thumb/v7e-m+fp/hard/libc.a(libc_a-fini.o)
                0x08000234                __libc_fini_array
 .text.__register_exitproc
                0x0800025c       0x80 /opt/ST/STM32CubeCLT_1.17.0/GNU-tools-for-STM32/bin/../lib/gcc/arm-none-eabi/12.3.1/../../../../arm-none-eabi/lib/thumb/v7e-m+fp/hard/libc.a(libc_a-__atexit.o)
                0x0800025c                __register_exitproc
 .text.SysTick_CLKSourceConfig
                0x080002dc       0x20 CMakeFiles/Yun_project.dir/Drivers/FWlib/src/misc.c.obj
                0x080002dc                SysTick_CLKSourceConfig
 .text.DMA_DeInit
                0x080002fc      0x158 CMakeFiles/Yun_project.dir/Drivers/FWlib/src/stm32f4xx_dma.c.obj
                0x080002fc                DMA_DeInit
 .text.DMA_Init
                0x08000454       0x58 CMakeFiles/Yun_project.dir/Drivers/FWlib/src/stm32f4xx_dma.c.obj
                0x08000454                DMA_Init
 .text.DMA_Cmd  0x080004ac       0x16 CMakeFiles/Yun_project.dir/Drivers/FWlib/src/stm32f4xx_dma.c.obj
                0x080004ac                DMA_Cmd
 .text.DMA_GetCurrDataCounter
                0x080004c2        0x6 CMakeFiles/Yun_project.dir/Drivers/FWlib/src/stm32f4xx_dma.c.obj
                0x080004c2                DMA_GetCurrDataCounter
 .text.GPIO_Init
                0x080004c8       0xa4 CMakeFiles/Yun_project.dir/Drivers/FWlib/src/stm32f4xx_gpio.c.obj
                0x080004c8                GPIO_Init
 .text.GPIO_ReadInputDataBit
                0x0800056c        0xe CMakeFiles/Yun_project.dir/Drivers/FWlib/src/stm32f4xx_gpio.c.obj
                0x0800056c                GPIO_ReadInputDataBit
 .text.GPIO_WriteBit
                0x0800057a        0xc CMakeFiles/Yun_project.dir/Drivers/FWlib/src/stm32f4xx_gpio.c.obj
                0x0800057a                GPIO_WriteBit
 .text.GPIO_PinAFConfig
                0x08000586       0x32 CMakeFiles/Yun_project.dir/Drivers/FWlib/src/stm32f4xx_gpio.c.obj
                0x08000586                GPIO_PinAFConfig
 .text.RCC_GetClocksFreq
                0x080005b8       0xb8 CMakeFiles/Yun_project.dir/Drivers/FWlib/src/stm32f4xx_rcc.c.obj
                0x080005b8                RCC_GetClocksFreq
 .text.RCC_AHB1PeriphClockCmd
                0x08000670       0x1c CMakeFiles/Yun_project.dir/Drivers/FWlib/src/stm32f4xx_rcc.c.obj
                0x08000670                RCC_AHB1PeriphClockCmd
 .text.RCC_APB1PeriphClockCmd
                0x0800068c       0x1c CMakeFiles/Yun_project.dir/Drivers/FWlib/src/stm32f4xx_rcc.c.obj
                0x0800068c                RCC_APB1PeriphClockCmd
 .text.RCC_APB2PeriphClockCmd
                0x080006a8       0x1c CMakeFiles/Yun_project.dir/Drivers/FWlib/src/stm32f4xx_rcc.c.obj
                0x080006a8                RCC_APB2PeriphClockCmd
 .text.USART_Init
                0x080006c4       0xcc CMakeFiles/Yun_project.dir/Drivers/FWlib/src/stm32f4xx_usart.c.obj
                0x080006c4                USART_Init
 .text.USART_Cmd
                0x08000790       0x1c CMakeFiles/Yun_project.dir/Drivers/FWlib/src/stm32f4xx_usart.c.obj
                0x08000790                USART_Cmd
 .text.USART_SendData
                0x080007ac        0x8 CMakeFiles/Yun_project.dir/Drivers/FWlib/src/stm32f4xx_usart.c.obj
                0x080007ac                USART_SendData
 .text.USART_DMACmd
                0x080007b4       0x18 CMakeFiles/Yun_project.dir/Drivers/FWlib/src/stm32f4xx_usart.c.obj
                0x080007b4                USART_DMACmd
 .text.USART_ITConfig
                0x080007cc       0x36 CMakeFiles/Yun_project.dir/Drivers/FWlib/src/stm32f4xx_usart.c.obj
                0x080007cc                USART_ITConfig
 .text.USART_GetFlagStatus
                0x08000802        0xe CMakeFiles/Yun_project.dir/Drivers/FWlib/src/stm32f4xx_usart.c.obj
                0x08000802                USART_GetFlagStatus
 .text.USART_GetITStatus
                0x08000810       0x4a CMakeFiles/Yun_project.dir/Drivers/FWlib/src/stm32f4xx_usart.c.obj
                0x08000810                USART_GetITStatus
 .text.USART_ClearITPendingBit
                0x0800085a       0x10 CMakeFiles/Yun_project.dir/Drivers/FWlib/src/stm32f4xx_usart.c.obj
                0x0800085a                USART_ClearITPendingBit
 *fill*         0x0800086a        0x2 
 .text.wIOCfg   0x0800086c      0x12c CMakeFiles/Yun_project.dir/Drivers/wPeri/Src/wIO.c.obj
                0x0800086c                wIOCfg
 .text.wUart1Init
                0x08000998       0x9c CMakeFiles/Yun_project.dir/Drivers/wPeri/Src/wUsart.c.obj
                0x08000998                wUart1Init
 .text.wUart1DMAInit
                0x08000a34       0x84 CMakeFiles/Yun_project.dir/Drivers/wPeri/Src/wUsart.c.obj
                0x08000a34                wUart1DMAInit
 .text.wTx1Send
                0x08000ab8       0x38 CMakeFiles/Yun_project.dir/Drivers/wPeri/Src/wUsart.c.obj
                0x08000ab8                wTx1Send
 .text.wUart1RxProcess
                0x08000af0       0x8c CMakeFiles/Yun_project.dir/Drivers/wPeri/Src/wUsart.c.obj
                0x08000af0                wUart1RxProcess
 .text.Reset_Handler
                0x08000b7c       0x50 CMakeFiles/Yun_project.dir/Startup/startup_stm32f405rgtx.s.obj
                0x08000b7c                Reset_Handler
 .text.Default_Handler
                0x08000bcc        0x2 CMakeFiles/Yun_project.dir/Startup/startup_stm32f405rgtx.s.obj
                0x08000bcc                DMA1_Stream3_IRQHandler
                0x08000bcc                HASH_RNG_IRQHandler
                0x08000bcc                EXTI2_IRQHandler
                0x08000bcc                TIM8_CC_IRQHandler
                0x08000bcc                TIM1_CC_IRQHandler
                0x08000bcc                DMA2_Stream5_IRQHandler
                0x08000bcc                DMA1_Stream5_IRQHandler
                0x08000bcc                PVD_IRQHandler
                0x08000bcc                SDIO_IRQHandler
                0x08000bcc                TAMP_STAMP_IRQHandler
                0x08000bcc                CAN2_RX1_IRQHandler
                0x08000bcc                EXTI3_IRQHandler
                0x08000bcc                TIM8_TRG_COM_TIM14_IRQHandler
                0x08000bcc                TIM1_UP_TIM10_IRQHandler
                0x08000bcc                TIM8_UP_TIM13_IRQHandler
                0x08000bcc                I2C3_ER_IRQHandler
                0x08000bcc                EXTI0_IRQHandler
                0x08000bcc                I2C2_EV_IRQHandler
                0x08000bcc                DMA1_Stream2_IRQHandler
                0x08000bcc                CAN1_RX0_IRQHandler
                0x08000bcc                FPU_IRQHandler
                0x08000bcc                OTG_HS_WKUP_IRQHandler
                0x08000bcc                CAN2_SCE_IRQHandler
                0x08000bcc                DMA2_Stream2_IRQHandler
                0x08000bcc                SPI1_IRQHandler
                0x08000bcc                TIM6_DAC_IRQHandler
                0x08000bcc                TIM1_BRK_TIM9_IRQHandler
                0x08000bcc                DCMI_IRQHandler
                0x08000bcc                CAN2_RX0_IRQHandler
                0x08000bcc                DMA2_Stream3_IRQHandler
                0x08000bcc                USART6_IRQHandler
                0x08000bcc                USART3_IRQHandler
                0x08000bcc                CRYP_IRQHandler
                0x08000bcc                CAN1_RX1_IRQHandler
                0x08000bcc                UART5_IRQHandler
                0x08000bcc                DMA2_Stream0_IRQHandler
                0x08000bcc                TIM4_IRQHandler
                0x08000bcc                I2C1_EV_IRQHandler
                0x08000bcc                DMA1_Stream6_IRQHandler
                0x08000bcc                DMA1_Stream1_IRQHandler
                0x08000bcc                UART4_IRQHandler
                0x08000bcc                TIM3_IRQHandler
                0x08000bcc                RCC_IRQHandler
                0x08000bcc                TIM8_BRK_TIM12_IRQHandler
                0x08000bcc                Default_Handler
                0x08000bcc                EXTI15_10_IRQHandler
                0x08000bcc                ADC_IRQHandler
                0x08000bcc                DMA1_Stream7_IRQHandler
                0x08000bcc                TIM7_IRQHandler
                0x08000bcc                CAN2_TX_IRQHandler
                0x08000bcc                TIM5_IRQHandler
                0x08000bcc                DMA2_Stream7_IRQHandler
                0x08000bcc                I2C3_EV_IRQHandler
                0x08000bcc                EXTI9_5_IRQHandler
                0x08000bcc                RTC_WKUP_IRQHandler
                0x08000bcc                ETH_WKUP_IRQHandler
                0x08000bcc                SPI2_IRQHandler
                0x08000bcc                OTG_HS_EP1_IN_IRQHandler
                0x08000bcc                DMA1_Stream0_IRQHandler
                0x08000bcc                CAN1_TX_IRQHandler
                0x08000bcc                EXTI4_IRQHandler
                0x08000bcc                FSMC_IRQHandler
                0x08000bcc                ETH_IRQHandler
                0x08000bcc                OTG_HS_EP1_OUT_IRQHandler
                0x08000bcc                WWDG_IRQHandler
                0x08000bcc                TIM2_IRQHandler
                0x08000bcc                OTG_FS_WKUP_IRQHandler
                0x08000bcc                TIM1_TRG_COM_TIM11_IRQHandler
                0x08000bcc                OTG_HS_IRQHandler
                0x08000bcc                EXTI1_IRQHandler
                0x08000bcc                USART2_IRQHandler
                0x08000bcc                I2C2_ER_IRQHandler
                0x08000bcc                DMA2_Stream1_IRQHandler
                0x08000bcc                CAN1_SCE_IRQHandler
                0x08000bcc                DMA2_Stream4_IRQHandler
                0x08000bcc                OTG_FS_IRQHandler
                0x08000bcc                SPI3_IRQHandler
                0x08000bcc                DMA1_Stream4_IRQHandler
                0x08000bcc                I2C1_ER_IRQHandler
                0x08000bcc                DMA2_Stream6_IRQHandler
                0x08000bcc                RTC_Alarm_IRQHandler
 .text.x_cpu_init
                0x08000bce       0x92 CMakeFiles/Yun_project.dir/src/main.c.obj
                0x08000bce                x_cpu_init
 .text.x_get_input
                0x08000c60       0x58 CMakeFiles/Yun_project.dir/src/main.c.obj
                0x08000c60                x_get_input
 .text.USART4_Init
                0x08000cb8       0xb0 CMakeFiles/Yun_project.dir/src/main.c.obj
                0x08000cb8                USART4_Init
 .text.SendCounterBinary
                0x08000d68       0x4c CMakeFiles/Yun_project.dir/src/main.c.obj
                0x08000d68                SendCounterBinary
 .text.SendCounterDecimal
                0x08000db4       0x4c CMakeFiles/Yun_project.dir/src/main.c.obj
                0x08000db4                SendCounterDecimal
 .text.handle_counter
                0x08000e00      0x1a8 CMakeFiles/Yun_project.dir/src/main.c.obj
                0x08000e00                handle_counter
 .text.main     0x08000fa8       0x64 CMakeFiles/Yun_project.dir/src/main.c.obj
                0x08000fa8                main
 .text.NMI_Handler
                0x0800100c        0x2 CMakeFiles/Yun_project.dir/src/stm32f4xx_it.c.obj
                0x0800100c                NMI_Handler
 .text.HardFault_Handler
                0x0800100e        0x2 CMakeFiles/Yun_project.dir/src/stm32f4xx_it.c.obj
                0x0800100e                HardFault_Handler
 .text.MemManage_Handler
                0x08001010        0x2 CMakeFiles/Yun_project.dir/src/stm32f4xx_it.c.obj
                0x08001010                MemManage_Handler
 .text.BusFault_Handler
                0x08001012        0x2 CMakeFiles/Yun_project.dir/src/stm32f4xx_it.c.obj
                0x08001012                BusFault_Handler
 .text.UsageFault_Handler
                0x08001014        0x2 CMakeFiles/Yun_project.dir/src/stm32f4xx_it.c.obj
                0x08001014                UsageFault_Handler
 .text.SVC_Handler
                0x08001016        0x2 CMakeFiles/Yun_project.dir/src/stm32f4xx_it.c.obj
                0x08001016                SVC_Handler
 .text.DebugMon_Handler
                0x08001018        0x2 CMakeFiles/Yun_project.dir/src/stm32f4xx_it.c.obj
                0x08001018                DebugMon_Handler
 .text.PendSV_Handler
                0x0800101a        0x2 CMakeFiles/Yun_project.dir/src/stm32f4xx_it.c.obj
                0x0800101a                PendSV_Handler
 .text.SysTick_Handler
                0x0800101c       0x14 CMakeFiles/Yun_project.dir/src/stm32f4xx_it.c.obj
                0x0800101c                SysTick_Handler
 .text.USART1_IRQHandler
                0x08001030       0x6c CMakeFiles/Yun_project.dir/src/stm32f4xx_it.c.obj
                0x08001030                USART1_IRQHandler
 .text.SetSysClock
                0x0800109c       0xc4 CMakeFiles/Yun_project.dir/src/system_stm32f4xx.c.obj
 .text.SystemInit
                0x08001160       0x50 CMakeFiles/Yun_project.dir/src/system_stm32f4xx.c.obj
                0x08001160                SystemInit
 .text.tickTaskInit
                0x080011b0       0x28 CMakeFiles/Yun_project.dir/src/tickTask.c.obj
                0x080011b0                tickTaskInit
 .text.wDelay   0x080011d8       0x18 CMakeFiles/Yun_project.dir/src/tickTask.c.obj
                0x080011d8                wDelay
 .text.memcpy   0x080011f0       0x1c /opt/ST/STM32CubeCLT_1.17.0/GNU-tools-for-STM32/bin/../lib/gcc/arm-none-eabi/12.3.1/../../../../arm-none-eabi/lib/thumb/v7e-m+fp/hard/libg.a(libc_a-memcpy-stub.o)
                0x080011f0                memcpy
 *(.glue_7)
 .glue_7        0x0800120c        0x0 linker stubs
 *(.glue_7t)
 .glue_7t       0x0800120c        0x0 linker stubs
 *(.eh_frame)
 .eh_frame      0x0800120c        0x0 /opt/ST/STM32CubeCLT_1.17.0/GNU-tools-for-STM32/bin/../lib/gcc/arm-none-eabi/12.3.1/thumb/v7e-m+fp/hard/crtbegin.o
 *(.init)
 .init          0x0800120c        0x4 /opt/ST/STM32CubeCLT_1.17.0/GNU-tools-for-STM32/bin/../lib/gcc/arm-none-eabi/12.3.1/thumb/v7e-m+fp/hard/crti.o
                0x0800120c                _init
 .init          0x08001210        0x8 /opt/ST/STM32CubeCLT_1.17.0/GNU-tools-for-STM32/bin/../lib/gcc/arm-none-eabi/12.3.1/thumb/v7e-m+fp/hard/crtn.o
 *(.fini)
 .fini          0x08001218        0x4 /opt/ST/STM32CubeCLT_1.17.0/GNU-tools-for-STM32/bin/../lib/gcc/arm-none-eabi/12.3.1/thumb/v7e-m+fp/hard/crti.o
                0x08001218                _fini
 .fini          0x0800121c        0x8 /opt/ST/STM32CubeCLT_1.17.0/GNU-tools-for-STM32/bin/../lib/gcc/arm-none-eabi/12.3.1/thumb/v7e-m+fp/hard/crtn.o
                0x08001224                        . = ALIGN (0x4)
                0x08001224                        _etext = .

.vfp11_veneer   0x08001224        0x0
 .vfp11_veneer  0x08001224        0x0 linker stubs

.v4_bx          0x08001224        0x0
 .v4_bx         0x08001224        0x0 linker stubs

.iplt           0x08001224        0x0
 .iplt          0x08001224        0x0 /opt/ST/STM32CubeCLT_1.17.0/GNU-tools-for-STM32/bin/../lib/gcc/arm-none-eabi/12.3.1/thumb/v7e-m+fp/hard/crtbegin.o

.rodata         0x08001224        0x0
                0x08001224                        . = ALIGN (0x4)
 *(.rodata)
 *(.rodata*)
                0x08001224                        . = ALIGN (0x4)

.ARM.extab      0x08001224        0x0
                0x08001224                        . = ALIGN (0x4)
 *(.ARM.extab* .gnu.linkonce.armextab.*)
                0x08001224                        . = ALIGN (0x4)

.ARM            0x08001224        0x0
                0x08001224                        . = ALIGN (0x4)
                0x08001224                        __exidx_start = .
 *(.ARM.exidx*)
                0x08001224                        __exidx_end = .
                0x08001224                        . = ALIGN (0x4)

.preinit_array  0x08001224        0x0
                0x08001224                        . = ALIGN (0x4)
                0x08001224                        PROVIDE (__preinit_array_start = .)
 *(.preinit_array*)
                0x08001224                        PROVIDE (__preinit_array_end = .)
                0x08001224                        . = ALIGN (0x4)

.init_array     0x08001224        0x8
                0x08001224                        . = ALIGN (0x4)
                0x08001224                        PROVIDE (__init_array_start = .)
 *(SORT_BY_NAME(.init_array.*))
 .init_array.00000
                0x08001224        0x4 /opt/ST/STM32CubeCLT_1.17.0/GNU-tools-for-STM32/bin/../lib/gcc/arm-none-eabi/12.3.1/../../../../arm-none-eabi/lib/thumb/v7e-m+fp/hard/libc.a(libc_a-__call_atexit.o)
 *(.init_array*)
 .init_array    0x08001228        0x4 /opt/ST/STM32CubeCLT_1.17.0/GNU-tools-for-STM32/bin/../lib/gcc/arm-none-eabi/12.3.1/thumb/v7e-m+fp/hard/crtbegin.o
                0x0800122c                        PROVIDE (__init_array_end = .)
                0x0800122c                        . = ALIGN (0x4)

.fini_array     0x0800122c        0x4
                0x0800122c                        . = ALIGN (0x4)
                0x0800122c                        PROVIDE (__fini_array_start = .)
 *(SORT_BY_NAME(.fini_array.*))
 *(.fini_array*)
 .fini_array    0x0800122c        0x4 /opt/ST/STM32CubeCLT_1.17.0/GNU-tools-for-STM32/bin/../lib/gcc/arm-none-eabi/12.3.1/thumb/v7e-m+fp/hard/crtbegin.o
                0x08001230                        PROVIDE (__fini_array_end = .)
                0x08001230                        . = ALIGN (0x4)
                0x08001230                        _sidata = LOADADDR (.data)

.rel.dyn        0x08001230        0x0
 .rel.iplt      0x08001230        0x0 /opt/ST/STM32CubeCLT_1.17.0/GNU-tools-for-STM32/bin/../lib/gcc/arm-none-eabi/12.3.1/thumb/v7e-m+fp/hard/crtbegin.o

.data           0x20000000       0x18 load address 0x08001230
                0x20000000                        . = ALIGN (0x4)
                0x20000000                        _sdata = .
 *(.data)
 *(.data*)
 .data.__atexit_recursive_mutex
                0x20000000        0x4 /opt/ST/STM32CubeCLT_1.17.0/GNU-tools-for-STM32/bin/../lib/gcc/arm-none-eabi/12.3.1/../../../../arm-none-eabi/lib/thumb/v7e-m+fp/hard/libc.a(libc_a-__call_atexit.o)
                0x20000000                __atexit_recursive_mutex
 .data.APBAHBPrescTable
                0x20000004       0x10 CMakeFiles/Yun_project.dir/Drivers/FWlib/src/stm32f4xx_rcc.c.obj
 .data.SystemCoreClock
                0x20000014        0x4 CMakeFiles/Yun_project.dir/src/system_stm32f4xx.c.obj
                0x20000014                SystemCoreClock
 *(.RamFunc)
 *(.RamFunc*)
                0x20000018                        . = ALIGN (0x4)
                0x20000018                        _edata = .
                0x08001248                        _siccmram = LOADADDR (.ccmram)

.igot.plt       0x20000018        0x0 load address 0x08001248
 .igot.plt      0x20000018        0x0 /opt/ST/STM32CubeCLT_1.17.0/GNU-tools-for-STM32/bin/../lib/gcc/arm-none-eabi/12.3.1/thumb/v7e-m+fp/hard/crtbegin.o

.ccmram         0x10000000        0x0 load address 0x08001248
                0x10000000                        . = ALIGN (0x4)
                0x10000000                        _sccmram = .
 *(.ccmram)
 *(.ccmram*)
                0x10000000                        . = ALIGN (0x4)
                0x10000000                        _eccmram = .
                0x10000000                        . = ALIGN (0x4)

.bss            0x20000018      0x204
                0x20000018                        _sbss = .
                0x20000018                        __bss_start__ = _sbss
 *(.bss)
 .bss           0x20000018       0x1c /opt/ST/STM32CubeCLT_1.17.0/GNU-tools-for-STM32/bin/../lib/gcc/arm-none-eabi/12.3.1/thumb/v7e-m+fp/hard/crtbegin.o
 *(.bss*)
 .bss.__lock___atexit_recursive_mutex
                0x20000034        0x1 /opt/ST/STM32CubeCLT_1.17.0/GNU-tools-for-STM32/bin/../lib/gcc/arm-none-eabi/12.3.1/../../../../arm-none-eabi/lib/thumb/v7e-m+fp/hard/libc.a(libc_a-lock.o)
                0x20000034                __lock___atexit_recursive_mutex
 *fill*         0x20000035        0x3 
 .bss.__atexit  0x20000038        0x4 /opt/ST/STM32CubeCLT_1.17.0/GNU-tools-for-STM32/bin/../lib/gcc/arm-none-eabi/12.3.1/../../../../arm-none-eabi/lib/thumb/v7e-m+fp/hard/libc.a(libc_a-__call_atexit.o)
                0x20000038                __atexit
 .bss.__atexit0
                0x2000003c      0x190 /opt/ST/STM32CubeCLT_1.17.0/GNU-tools-for-STM32/bin/../lib/gcc/arm-none-eabi/12.3.1/../../../../arm-none-eabi/lib/thumb/v7e-m+fp/hard/libc.a(libc_a-__atexit.o)
                0x2000003c                __atexit0
 .bss.holdTime.0
                0x200001cc        0x2 CMakeFiles/Yun_project.dir/src/main.c.obj
 .bss.prevKey.1
                0x200001ce        0x1 CMakeFiles/Yun_project.dir/src/main.c.obj
 .bss.inKey     0x200001cf        0x1 CMakeFiles/Yun_project.dir/src/main.c.obj
                0x200001cf                inKey
 .bss.counter   0x200001d0        0x2 CMakeFiles/Yun_project.dir/src/main.c.obj
                0x200001d0                counter
 .bss.FlagCounterUpdated
                0x200001d2        0x1 CMakeFiles/Yun_project.dir/src/main.c.obj
                0x200001d2                FlagCounterUpdated
 .bss.FlagUart1RxOK
                0x200001d3        0x1 CMakeFiles/Yun_project.dir/src/main.c.obj
                0x200001d3                FlagUart1RxOK
 .bss.Rx1Counter
                0x200001d4        0x1 CMakeFiles/Yun_project.dir/src/main.c.obj
                0x200001d4                Rx1Counter
 *fill*         0x200001d5        0x3 
 .bss.Rx1DMAData
                0x200001d8       0x20 CMakeFiles/Yun_project.dir/src/main.c.obj
                0x200001d8                Rx1DMAData
 .bss.Rx1Buffer
                0x200001f8       0x20 CMakeFiles/Yun_project.dir/src/main.c.obj
                0x200001f8                Rx1Buffer
 .bss.msTime    0x20000218        0x2 CMakeFiles/Yun_project.dir/src/main.c.obj
                0x20000218                msTime
 .bss.BusId     0x2000021a        0x2 CMakeFiles/Yun_project.dir/src/main.c.obj
                0x2000021a                BusId
 *(COMMON)
                0x2000021c                        . = ALIGN (0x4)
                0x2000021c                        _ebss = .
                0x2000021c                        __bss_end__ = _ebss

._user_heap_stack
                0x2000021c      0x604
                0x20000220                        . = ALIGN (0x8)
 *fill*         0x2000021c        0x4 
                [!provide]                        PROVIDE (end = .)
                0x20000220                        PROVIDE (_end = .)
                0x20000420                        . = (. + _Min_Heap_Size)
 *fill*         0x20000220      0x200 
                0x20000820                        . = (. + _Min_Stack_Size)
 *fill*         0x20000420      0x400 
                0x20000820                        . = ALIGN (0x8)

/DISCARD/
 libc.a(*)
 libm.a(*)
 libgcc.a(*)

.ARM.attributes
                0x00000000       0x30
 *(.ARM.attributes)
 .ARM.attributes
                0x00000000       0x22 /opt/ST/STM32CubeCLT_1.17.0/GNU-tools-for-STM32/bin/../lib/gcc/arm-none-eabi/12.3.1/thumb/v7e-m+fp/hard/crti.o
 .ARM.attributes
                0x00000022       0x34 /opt/ST/STM32CubeCLT_1.17.0/GNU-tools-for-STM32/bin/../lib/gcc/arm-none-eabi/12.3.1/thumb/v7e-m+fp/hard/crtbegin.o
 .ARM.attributes
                0x00000056       0x34 /opt/ST/STM32CubeCLT_1.17.0/GNU-tools-for-STM32/bin/../lib/gcc/arm-none-eabi/12.3.1/../../../../arm-none-eabi/lib/thumb/v7e-m+fp/hard/libc.a(libc_a-init.o)
 .ARM.attributes
                0x0000008a       0x34 /opt/ST/STM32CubeCLT_1.17.0/GNU-tools-for-STM32/bin/../lib/gcc/arm-none-eabi/12.3.1/../../../../arm-none-eabi/lib/thumb/v7e-m+fp/hard/libc.a(libc_a-lock.o)
 .ARM.attributes
                0x000000be       0x34 /opt/ST/STM32CubeCLT_1.17.0/GNU-tools-for-STM32/bin/../lib/gcc/arm-none-eabi/12.3.1/../../../../arm-none-eabi/lib/thumb/v7e-m+fp/hard/libc.a(libc_a-__call_atexit.o)
 .ARM.attributes
                0x000000f2       0x34 /opt/ST/STM32CubeCLT_1.17.0/GNU-tools-for-STM32/bin/../lib/gcc/arm-none-eabi/12.3.1/../../../../arm-none-eabi/lib/thumb/v7e-m+fp/hard/libc.a(libc_a-atexit.o)
 .ARM.attributes
                0x00000126       0x34 /opt/ST/STM32CubeCLT_1.17.0/GNU-tools-for-STM32/bin/../lib/gcc/arm-none-eabi/12.3.1/../../../../arm-none-eabi/lib/thumb/v7e-m+fp/hard/libc.a(libc_a-fini.o)
 .ARM.attributes
                0x0000015a       0x34 /opt/ST/STM32CubeCLT_1.17.0/GNU-tools-for-STM32/bin/../lib/gcc/arm-none-eabi/12.3.1/../../../../arm-none-eabi/lib/thumb/v7e-m+fp/hard/libc.a(libc_a-__atexit.o)
 .ARM.attributes
                0x0000018e       0x34 CMakeFiles/Yun_project.dir/Drivers/FWlib/src/misc.c.obj
 .ARM.attributes
                0x000001c2       0x34 CMakeFiles/Yun_project.dir/Drivers/FWlib/src/stm32f4xx_dma.c.obj
 .ARM.attributes
                0x000001f6       0x34 CMakeFiles/Yun_project.dir/Drivers/FWlib/src/stm32f4xx_gpio.c.obj
 .ARM.attributes
                0x0000022a       0x34 CMakeFiles/Yun_project.dir/Drivers/FWlib/src/stm32f4xx_rcc.c.obj
 .ARM.attributes
                0x0000025e       0x34 CMakeFiles/Yun_project.dir/Drivers/FWlib/src/stm32f4xx_usart.c.obj
 .ARM.attributes
                0x00000292       0x34 CMakeFiles/Yun_project.dir/Drivers/wPeri/Src/wIO.c.obj
 .ARM.attributes
                0x000002c6       0x34 CMakeFiles/Yun_project.dir/Drivers/wPeri/Src/wUsart.c.obj
 .ARM.attributes
                0x000002fa       0x21 CMakeFiles/Yun_project.dir/Startup/startup_stm32f405rgtx.s.obj
 .ARM.attributes
                0x0000031b       0x34 CMakeFiles/Yun_project.dir/src/main.c.obj
 .ARM.attributes
                0x0000034f       0x34 CMakeFiles/Yun_project.dir/src/stm32f4xx_it.c.obj
 .ARM.attributes
                0x00000383       0x34 CMakeFiles/Yun_project.dir/src/system_stm32f4xx.c.obj
 .ARM.attributes
                0x000003b7       0x34 CMakeFiles/Yun_project.dir/src/tickTask.c.obj
 .ARM.attributes
                0x000003eb       0x34 /opt/ST/STM32CubeCLT_1.17.0/GNU-tools-for-STM32/bin/../lib/gcc/arm-none-eabi/12.3.1/../../../../arm-none-eabi/lib/thumb/v7e-m+fp/hard/libg.a(libc_a-memcpy-stub.o)
 .ARM.attributes
                0x0000041f       0x22 /opt/ST/STM32CubeCLT_1.17.0/GNU-tools-for-STM32/bin/../lib/gcc/arm-none-eabi/12.3.1/thumb/v7e-m+fp/hard/crtn.o
OUTPUT(Yun_project.elf elf32-littlearm)
LOAD linker stubs
LOAD /opt/ST/STM32CubeCLT_1.17.0/GNU-tools-for-STM32/bin/../lib/gcc/arm-none-eabi/12.3.1/../../../../arm-none-eabi/lib/thumb/v7e-m+fp/hard/libc.a
LOAD /opt/ST/STM32CubeCLT_1.17.0/GNU-tools-for-STM32/bin/../lib/gcc/arm-none-eabi/12.3.1/../../../../arm-none-eabi/lib/thumb/v7e-m+fp/hard/libm.a
LOAD /opt/ST/STM32CubeCLT_1.17.0/GNU-tools-for-STM32/bin/../lib/gcc/arm-none-eabi/12.3.1/thumb/v7e-m+fp/hard/libgcc.a

.debug_frame    0x00000000      0xd4c
 .debug_frame   0x00000000       0x2c /opt/ST/STM32CubeCLT_1.17.0/GNU-tools-for-STM32/bin/../lib/gcc/arm-none-eabi/12.3.1/../../../../arm-none-eabi/lib/thumb/v7e-m+fp/hard/libc.a(libc_a-init.o)
 .debug_frame   0x0000002c       0xb0 /opt/ST/STM32CubeCLT_1.17.0/GNU-tools-for-STM32/bin/../lib/gcc/arm-none-eabi/12.3.1/../../../../arm-none-eabi/lib/thumb/v7e-m+fp/hard/libc.a(libc_a-lock.o)
 .debug_frame   0x000000dc       0x58 /opt/ST/STM32CubeCLT_1.17.0/GNU-tools-for-STM32/bin/../lib/gcc/arm-none-eabi/12.3.1/../../../../arm-none-eabi/lib/thumb/v7e-m+fp/hard/libc.a(libc_a-__call_atexit.o)
 .debug_frame   0x00000134       0x20 /opt/ST/STM32CubeCLT_1.17.0/GNU-tools-for-STM32/bin/../lib/gcc/arm-none-eabi/12.3.1/../../../../arm-none-eabi/lib/thumb/v7e-m+fp/hard/libc.a(libc_a-atexit.o)
 .debug_frame   0x00000154       0x38 /opt/ST/STM32CubeCLT_1.17.0/GNU-tools-for-STM32/bin/../lib/gcc/arm-none-eabi/12.3.1/../../../../arm-none-eabi/lib/thumb/v7e-m+fp/hard/libc.a(libc_a-fini.o)
 .debug_frame   0x0000018c       0x34 /opt/ST/STM32CubeCLT_1.17.0/GNU-tools-for-STM32/bin/../lib/gcc/arm-none-eabi/12.3.1/../../../../arm-none-eabi/lib/thumb/v7e-m+fp/hard/libc.a(libc_a-__atexit.o)
 .debug_frame   0x000001c0       0x60 CMakeFiles/Yun_project.dir/Drivers/FWlib/src/misc.c.obj
 .debug_frame   0x00000220      0x158 CMakeFiles/Yun_project.dir/Drivers/FWlib/src/stm32f4xx_dma.c.obj
 .debug_frame   0x00000378      0x11c CMakeFiles/Yun_project.dir/Drivers/FWlib/src/stm32f4xx_gpio.c.obj
 .debug_frame   0x00000494      0x378 CMakeFiles/Yun_project.dir/Drivers/FWlib/src/stm32f4xx_rcc.c.obj
 .debug_frame   0x0000080c      0x204 CMakeFiles/Yun_project.dir/Drivers/FWlib/src/stm32f4xx_usart.c.obj
 .debug_frame   0x00000a10       0x34 CMakeFiles/Yun_project.dir/Drivers/wPeri/Src/wIO.c.obj
 .debug_frame   0x00000a44       0xa8 CMakeFiles/Yun_project.dir/Drivers/wPeri/Src/wUsart.c.obj
 .debug_frame   0x00000aec       0xe0 CMakeFiles/Yun_project.dir/src/main.c.obj
 .debug_frame   0x00000bcc       0xbc CMakeFiles/Yun_project.dir/src/stm32f4xx_it.c.obj
 .debug_frame   0x00000c88       0x54 CMakeFiles/Yun_project.dir/src/system_stm32f4xx.c.obj
 .debug_frame   0x00000cdc       0x48 CMakeFiles/Yun_project.dir/src/tickTask.c.obj
 .debug_frame   0x00000d24       0x28 /opt/ST/STM32CubeCLT_1.17.0/GNU-tools-for-STM32/bin/../lib/gcc/arm-none-eabi/12.3.1/../../../../arm-none-eabi/lib/thumb/v7e-m+fp/hard/libg.a(libc_a-memcpy-stub.o)

.debug_info     0x00000000     0x630d
 .debug_info    0x00000000      0x51a CMakeFiles/Yun_project.dir/Drivers/FWlib/src/misc.c.obj
 .debug_info    0x0000051a      0x747 CMakeFiles/Yun_project.dir/Drivers/FWlib/src/stm32f4xx_dma.c.obj
 .debug_info    0x00000c61      0x85f CMakeFiles/Yun_project.dir/Drivers/FWlib/src/stm32f4xx_gpio.c.obj
 .debug_info    0x000014c0      0xe83 CMakeFiles/Yun_project.dir/Drivers/FWlib/src/stm32f4xx_rcc.c.obj
 .debug_info    0x00002343      0xbea CMakeFiles/Yun_project.dir/Drivers/FWlib/src/stm32f4xx_usart.c.obj
 .debug_info    0x00002f2d      0x3dd CMakeFiles/Yun_project.dir/Drivers/wPeri/Src/wIO.c.obj
 .debug_info    0x0000330a     0x100e CMakeFiles/Yun_project.dir/Drivers/wPeri/Src/wUsart.c.obj
 .debug_info    0x00004318       0x30 CMakeFiles/Yun_project.dir/Startup/startup_stm32f405rgtx.s.obj
 .debug_info    0x00004348     0x1245 CMakeFiles/Yun_project.dir/src/main.c.obj
 .debug_info    0x0000558d      0x465 CMakeFiles/Yun_project.dir/src/stm32f4xx_it.c.obj
 .debug_info    0x000059f2      0x609 CMakeFiles/Yun_project.dir/src/system_stm32f4xx.c.obj
 .debug_info    0x00005ffb      0x1f1 CMakeFiles/Yun_project.dir/src/tickTask.c.obj
 .debug_info    0x000061ec      0x121 /opt/ST/STM32CubeCLT_1.17.0/GNU-tools-for-STM32/bin/../lib/gcc/arm-none-eabi/12.3.1/../../../../arm-none-eabi/lib/thumb/v7e-m+fp/hard/libg.a(libc_a-memcpy-stub.o)

.debug_abbrev   0x00000000     0x1637
 .debug_abbrev  0x00000000      0x197 CMakeFiles/Yun_project.dir/Drivers/FWlib/src/misc.c.obj
 .debug_abbrev  0x00000197      0x193 CMakeFiles/Yun_project.dir/Drivers/FWlib/src/stm32f4xx_dma.c.obj
 .debug_abbrev  0x0000032a      0x23d CMakeFiles/Yun_project.dir/Drivers/FWlib/src/stm32f4xx_gpio.c.obj
 .debug_abbrev  0x00000567      0x20d CMakeFiles/Yun_project.dir/Drivers/FWlib/src/stm32f4xx_rcc.c.obj
 .debug_abbrev  0x00000774      0x1fd CMakeFiles/Yun_project.dir/Drivers/FWlib/src/stm32f4xx_usart.c.obj
 .debug_abbrev  0x00000971      0x123 CMakeFiles/Yun_project.dir/Drivers/wPeri/Src/wIO.c.obj
 .debug_abbrev  0x00000a94      0x311 CMakeFiles/Yun_project.dir/Drivers/wPeri/Src/wUsart.c.obj
 .debug_abbrev  0x00000da5       0x24 CMakeFiles/Yun_project.dir/Startup/startup_stm32f405rgtx.s.obj
 .debug_abbrev  0x00000dc9      0x309 CMakeFiles/Yun_project.dir/src/main.c.obj
 .debug_abbrev  0x000010d2      0x1b7 CMakeFiles/Yun_project.dir/src/stm32f4xx_it.c.obj
 .debug_abbrev  0x00001289      0x18e CMakeFiles/Yun_project.dir/src/system_stm32f4xx.c.obj
 .debug_abbrev  0x00001417      0x15f CMakeFiles/Yun_project.dir/src/tickTask.c.obj
 .debug_abbrev  0x00001576       0xc1 /opt/ST/STM32CubeCLT_1.17.0/GNU-tools-for-STM32/bin/../lib/gcc/arm-none-eabi/12.3.1/../../../../arm-none-eabi/lib/thumb/v7e-m+fp/hard/libg.a(libc_a-memcpy-stub.o)

.debug_loclists
                0x00000000     0x1594
 .debug_loclists
                0x00000000       0xeb CMakeFiles/Yun_project.dir/Drivers/FWlib/src/misc.c.obj
 .debug_loclists
                0x000000eb      0x2e2 CMakeFiles/Yun_project.dir/Drivers/FWlib/src/stm32f4xx_dma.c.obj
 .debug_loclists
                0x000003cd      0x2e4 CMakeFiles/Yun_project.dir/Drivers/FWlib/src/stm32f4xx_gpio.c.obj
 .debug_loclists
                0x000006b1      0x481 CMakeFiles/Yun_project.dir/Drivers/FWlib/src/stm32f4xx_rcc.c.obj
 .debug_loclists
                0x00000b32      0x541 CMakeFiles/Yun_project.dir/Drivers/FWlib/src/stm32f4xx_usart.c.obj
 .debug_loclists
                0x00001073      0x268 CMakeFiles/Yun_project.dir/Drivers/wPeri/Src/wIO.c.obj
 .debug_loclists
                0x000012db       0x8f CMakeFiles/Yun_project.dir/Drivers/wPeri/Src/wUsart.c.obj
 .debug_loclists
                0x0000136a       0x7a CMakeFiles/Yun_project.dir/src/main.c.obj
 .debug_loclists
                0x000013e4       0xdc CMakeFiles/Yun_project.dir/src/system_stm32f4xx.c.obj
 .debug_loclists
                0x000014c0       0x45 CMakeFiles/Yun_project.dir/src/tickTask.c.obj
 .debug_loclists
                0x00001505       0x8f /opt/ST/STM32CubeCLT_1.17.0/GNU-tools-for-STM32/bin/../lib/gcc/arm-none-eabi/12.3.1/../../../../arm-none-eabi/lib/thumb/v7e-m+fp/hard/libg.a(libc_a-memcpy-stub.o)

.debug_aranges  0x00000000      0x600
 .debug_aranges
                0x00000000       0x40 CMakeFiles/Yun_project.dir/Drivers/FWlib/src/misc.c.obj
 .debug_aranges
                0x00000040       0xb0 CMakeFiles/Yun_project.dir/Drivers/FWlib/src/stm32f4xx_dma.c.obj
 .debug_aranges
                0x000000f0       0x88 CMakeFiles/Yun_project.dir/Drivers/FWlib/src/stm32f4xx_gpio.c.obj
 .debug_aranges
                0x00000178      0x1c0 CMakeFiles/Yun_project.dir/Drivers/FWlib/src/stm32f4xx_rcc.c.obj
 .debug_aranges
                0x00000338      0x100 CMakeFiles/Yun_project.dir/Drivers/FWlib/src/stm32f4xx_usart.c.obj
 .debug_aranges
                0x00000438       0x20 CMakeFiles/Yun_project.dir/Drivers/wPeri/Src/wIO.c.obj
 .debug_aranges
                0x00000458       0x48 CMakeFiles/Yun_project.dir/Drivers/wPeri/Src/wUsart.c.obj
 .debug_aranges
                0x000004a0       0x28 CMakeFiles/Yun_project.dir/Startup/startup_stm32f405rgtx.s.obj
 .debug_aranges
                0x000004c8       0x50 CMakeFiles/Yun_project.dir/src/main.c.obj
 .debug_aranges
                0x00000518       0x68 CMakeFiles/Yun_project.dir/src/stm32f4xx_it.c.obj
 .debug_aranges
                0x00000580       0x30 CMakeFiles/Yun_project.dir/src/system_stm32f4xx.c.obj
 .debug_aranges
                0x000005b0       0x30 CMakeFiles/Yun_project.dir/src/tickTask.c.obj
 .debug_aranges
                0x000005e0       0x20 /opt/ST/STM32CubeCLT_1.17.0/GNU-tools-for-STM32/bin/../lib/gcc/arm-none-eabi/12.3.1/../../../../arm-none-eabi/lib/thumb/v7e-m+fp/hard/libg.a(libc_a-memcpy-stub.o)

.debug_rnglists
                0x00000000      0x44e
 .debug_rnglists
                0x00000000       0x2b CMakeFiles/Yun_project.dir/Drivers/FWlib/src/misc.c.obj
 .debug_rnglists
                0x0000002b       0x80 CMakeFiles/Yun_project.dir/Drivers/FWlib/src/stm32f4xx_dma.c.obj
 .debug_rnglists
                0x000000ab       0x63 CMakeFiles/Yun_project.dir/Drivers/FWlib/src/stm32f4xx_gpio.c.obj
 .debug_rnglists
                0x0000010e      0x14c CMakeFiles/Yun_project.dir/Drivers/FWlib/src/stm32f4xx_rcc.c.obj
 .debug_rnglists
                0x0000025a       0xbd CMakeFiles/Yun_project.dir/Drivers/FWlib/src/stm32f4xx_usart.c.obj
 .debug_rnglists
                0x00000317       0x14 CMakeFiles/Yun_project.dir/Drivers/wPeri/Src/wIO.c.obj
 .debug_rnglists
                0x0000032b       0x34 CMakeFiles/Yun_project.dir/Drivers/wPeri/Src/wUsart.c.obj
 .debug_rnglists
                0x0000035f       0x19 CMakeFiles/Yun_project.dir/Startup/startup_stm32f405rgtx.s.obj
 .debug_rnglists
                0x00000378       0x3a CMakeFiles/Yun_project.dir/src/main.c.obj
 .debug_rnglists
                0x000003b2       0x49 CMakeFiles/Yun_project.dir/src/stm32f4xx_it.c.obj
 .debug_rnglists
                0x000003fb       0x21 CMakeFiles/Yun_project.dir/src/system_stm32f4xx.c.obj
 .debug_rnglists
                0x0000041c       0x1f CMakeFiles/Yun_project.dir/src/tickTask.c.obj
 .debug_rnglists
                0x0000043b       0x13 /opt/ST/STM32CubeCLT_1.17.0/GNU-tools-for-STM32/bin/../lib/gcc/arm-none-eabi/12.3.1/../../../../arm-none-eabi/lib/thumb/v7e-m+fp/hard/libg.a(libc_a-memcpy-stub.o)

.debug_macro    0x00000000    0x11488
 .debug_macro   0x00000000      0x1c7 CMakeFiles/Yun_project.dir/Drivers/FWlib/src/misc.c.obj
 .debug_macro   0x000001c7      0xaa8 CMakeFiles/Yun_project.dir/Drivers/FWlib/src/misc.c.obj
 .debug_macro   0x00000c6f       0x72 CMakeFiles/Yun_project.dir/Drivers/FWlib/src/misc.c.obj
 .debug_macro   0x00000ce1       0x3b CMakeFiles/Yun_project.dir/Drivers/FWlib/src/misc.c.obj
 .debug_macro   0x00000d1c       0x22 CMakeFiles/Yun_project.dir/Drivers/FWlib/src/misc.c.obj
 .debug_macro   0x00000d3e       0x8e CMakeFiles/Yun_project.dir/Drivers/FWlib/src/misc.c.obj
 .debug_macro   0x00000dcc       0x51 CMakeFiles/Yun_project.dir/Drivers/FWlib/src/misc.c.obj
 .debug_macro   0x00000e1d      0x103 CMakeFiles/Yun_project.dir/Drivers/FWlib/src/misc.c.obj
 .debug_macro   0x00000f20       0x6a CMakeFiles/Yun_project.dir/Drivers/FWlib/src/misc.c.obj
 .debug_macro   0x00000f8a      0x1df CMakeFiles/Yun_project.dir/Drivers/FWlib/src/misc.c.obj
 .debug_macro   0x00001169       0x34 CMakeFiles/Yun_project.dir/Drivers/FWlib/src/misc.c.obj
 .debug_macro   0x0000119d       0x26 CMakeFiles/Yun_project.dir/Drivers/FWlib/src/misc.c.obj
 .debug_macro   0x000011c3      0xe43 CMakeFiles/Yun_project.dir/Drivers/FWlib/src/misc.c.obj
 .debug_macro   0x00002006     0x91b4 CMakeFiles/Yun_project.dir/Drivers/FWlib/src/misc.c.obj
 .debug_macro   0x0000b1ba      0x44e CMakeFiles/Yun_project.dir/Drivers/FWlib/src/misc.c.obj
 .debug_macro   0x0000b608       0xb2 CMakeFiles/Yun_project.dir/Drivers/FWlib/src/misc.c.obj
 .debug_macro   0x0000b6ba      0x477 CMakeFiles/Yun_project.dir/Drivers/FWlib/src/misc.c.obj
 .debug_macro   0x0000bb31       0xb2 CMakeFiles/Yun_project.dir/Drivers/FWlib/src/misc.c.obj
 .debug_macro   0x0000bbe3      0x418 CMakeFiles/Yun_project.dir/Drivers/FWlib/src/misc.c.obj
 .debug_macro   0x0000bffb      0x2fb CMakeFiles/Yun_project.dir/Drivers/FWlib/src/misc.c.obj
 .debug_macro   0x0000c2f6      0x2ba CMakeFiles/Yun_project.dir/Drivers/FWlib/src/misc.c.obj
 .debug_macro   0x0000c5b0       0x64 CMakeFiles/Yun_project.dir/Drivers/FWlib/src/misc.c.obj
 .debug_macro   0x0000c614       0xeb CMakeFiles/Yun_project.dir/Drivers/FWlib/src/misc.c.obj
 .debug_macro   0x0000c6ff      0x65b CMakeFiles/Yun_project.dir/Drivers/FWlib/src/misc.c.obj
 .debug_macro   0x0000cd5a      0x59c CMakeFiles/Yun_project.dir/Drivers/FWlib/src/misc.c.obj
 .debug_macro   0x0000d2f6      0x341 CMakeFiles/Yun_project.dir/Drivers/FWlib/src/misc.c.obj
 .debug_macro   0x0000d637      0x36c CMakeFiles/Yun_project.dir/Drivers/FWlib/src/misc.c.obj
 .debug_macro   0x0000d9a3      0x114 CMakeFiles/Yun_project.dir/Drivers/FWlib/src/misc.c.obj
 .debug_macro   0x0000dab7      0x73b CMakeFiles/Yun_project.dir/Drivers/FWlib/src/misc.c.obj
 .debug_macro   0x0000e1f2      0x220 CMakeFiles/Yun_project.dir/Drivers/FWlib/src/misc.c.obj
 .debug_macro   0x0000e412       0x34 CMakeFiles/Yun_project.dir/Drivers/FWlib/src/misc.c.obj
 .debug_macro   0x0000e446      0x142 CMakeFiles/Yun_project.dir/Drivers/FWlib/src/misc.c.obj
 .debug_macro   0x0000e588       0xc1 CMakeFiles/Yun_project.dir/Drivers/FWlib/src/misc.c.obj
 .debug_macro   0x0000e649       0x40 CMakeFiles/Yun_project.dir/Drivers/FWlib/src/misc.c.obj
 .debug_macro   0x0000e689      0x3cf CMakeFiles/Yun_project.dir/Drivers/FWlib/src/misc.c.obj
 .debug_macro   0x0000ea58      0x181 CMakeFiles/Yun_project.dir/Drivers/FWlib/src/misc.c.obj
 .debug_macro   0x0000ebd9      0x146 CMakeFiles/Yun_project.dir/Drivers/FWlib/src/misc.c.obj
 .debug_macro   0x0000ed1f      0x279 CMakeFiles/Yun_project.dir/Drivers/FWlib/src/misc.c.obj
 .debug_macro   0x0000ef98       0x35 CMakeFiles/Yun_project.dir/Drivers/FWlib/src/misc.c.obj
 .debug_macro   0x0000efcd       0x79 CMakeFiles/Yun_project.dir/Drivers/FWlib/src/misc.c.obj
 .debug_macro   0x0000f046      0x215 CMakeFiles/Yun_project.dir/Drivers/FWlib/src/stm32f4xx_dma.c.obj
 .debug_macro   0x0000f25b      0x471 CMakeFiles/Yun_project.dir/Drivers/FWlib/src/stm32f4xx_dma.c.obj
 .debug_macro   0x0000f6cc      0x1c1 CMakeFiles/Yun_project.dir/Drivers/FWlib/src/stm32f4xx_gpio.c.obj
 .debug_macro   0x0000f88d      0x2f5 CMakeFiles/Yun_project.dir/Drivers/FWlib/src/stm32f4xx_gpio.c.obj
 .debug_macro   0x0000fb82      0x292 CMakeFiles/Yun_project.dir/Drivers/FWlib/src/stm32f4xx_rcc.c.obj
 .debug_macro   0x0000fe14      0x1d9 CMakeFiles/Yun_project.dir/Drivers/FWlib/src/stm32f4xx_usart.c.obj
 .debug_macro   0x0000ffed      0x21a CMakeFiles/Yun_project.dir/Drivers/FWlib/src/stm32f4xx_usart.c.obj
 .debug_macro   0x00010207      0x339 CMakeFiles/Yun_project.dir/Drivers/wPeri/Src/wIO.c.obj
 .debug_macro   0x00010540      0x339 CMakeFiles/Yun_project.dir/Drivers/wPeri/Src/wUsart.c.obj
 .debug_macro   0x00010879      0x33f CMakeFiles/Yun_project.dir/src/main.c.obj
 .debug_macro   0x00010bb8      0x349 CMakeFiles/Yun_project.dir/src/stm32f4xx_it.c.obj
 .debug_macro   0x00010f01       0x74 CMakeFiles/Yun_project.dir/src/stm32f4xx_it.c.obj
 .debug_macro   0x00010f75      0x1da CMakeFiles/Yun_project.dir/src/system_stm32f4xx.c.obj
 .debug_macro   0x0001114f      0x339 CMakeFiles/Yun_project.dir/src/tickTask.c.obj

.debug_line     0x00000000     0x6a92
 .debug_line    0x00000000      0x625 CMakeFiles/Yun_project.dir/Drivers/FWlib/src/misc.c.obj
 .debug_line    0x00000625      0xb71 CMakeFiles/Yun_project.dir/Drivers/FWlib/src/stm32f4xx_dma.c.obj
 .debug_line    0x00001196      0x8ab CMakeFiles/Yun_project.dir/Drivers/FWlib/src/stm32f4xx_gpio.c.obj
 .debug_line    0x00001a41     0x101b CMakeFiles/Yun_project.dir/Drivers/FWlib/src/stm32f4xx_rcc.c.obj
 .debug_line    0x00002a5c      0xca9 CMakeFiles/Yun_project.dir/Drivers/FWlib/src/stm32f4xx_usart.c.obj
 .debug_line    0x00003705      0x7f8 CMakeFiles/Yun_project.dir/Drivers/wPeri/Src/wIO.c.obj
 .debug_line    0x00003efd      0x8d0 CMakeFiles/Yun_project.dir/Drivers/wPeri/Src/wUsart.c.obj
 .debug_line    0x000047cd       0x7b CMakeFiles/Yun_project.dir/Startup/startup_stm32f405rgtx.s.obj
 .debug_line    0x00004848      0xa29 CMakeFiles/Yun_project.dir/src/main.c.obj
 .debug_line    0x00005271      0x7d0 CMakeFiles/Yun_project.dir/src/stm32f4xx_it.c.obj
 .debug_line    0x00005a41      0x751 CMakeFiles/Yun_project.dir/src/system_stm32f4xx.c.obj
 .debug_line    0x00006192      0x6fe CMakeFiles/Yun_project.dir/src/tickTask.c.obj
 .debug_line    0x00006890      0x202 /opt/ST/STM32CubeCLT_1.17.0/GNU-tools-for-STM32/bin/../lib/gcc/arm-none-eabi/12.3.1/../../../../arm-none-eabi/lib/thumb/v7e-m+fp/hard/libg.a(libc_a-memcpy-stub.o)

.debug_str      0x00000000    0x673e2
 .debug_str     0x00000000    0x6026a CMakeFiles/Yun_project.dir/Drivers/FWlib/src/misc.c.obj
                              0x60404 (size before relaxing)
 .debug_str     0x0006026a      0x6ca CMakeFiles/Yun_project.dir/Drivers/FWlib/src/stm32f4xx_dma.c.obj
                              0x6086a (size before relaxing)
 .debug_str     0x00060934      0x2e8 CMakeFiles/Yun_project.dir/Drivers/FWlib/src/stm32f4xx_gpio.c.obj
                              0x604cc (size before relaxing)
 .debug_str     0x00060c1c      0xd70 CMakeFiles/Yun_project.dir/Drivers/FWlib/src/stm32f4xx_rcc.c.obj
                              0x60fb9 (size before relaxing)
 .debug_str     0x0006198c      0x55c CMakeFiles/Yun_project.dir/Drivers/FWlib/src/stm32f4xx_usart.c.obj
                              0x607ff (size before relaxing)
 .debug_str     0x00061ee8     0x469b CMakeFiles/Yun_project.dir/Drivers/wPeri/Src/wIO.c.obj
                              0x64a02 (size before relaxing)
 .debug_str     0x00066583      0x3b6 CMakeFiles/Yun_project.dir/Drivers/wPeri/Src/wUsart.c.obj
                              0x64f48 (size before relaxing)
 .debug_str     0x00066939       0x64 CMakeFiles/Yun_project.dir/Startup/startup_stm32f405rgtx.s.obj
                                 0x98 (size before relaxing)
 .debug_str     0x0006699d      0x694 CMakeFiles/Yun_project.dir/src/main.c.obj
                              0x65339 (size before relaxing)
 .debug_str     0x00067031      0x100 CMakeFiles/Yun_project.dir/src/stm32f4xx_it.c.obj
                              0x64a74 (size before relaxing)
 .debug_str     0x00067131       0xeb CMakeFiles/Yun_project.dir/src/system_stm32f4xx.c.obj
                              0x60411 (size before relaxing)
 .debug_str     0x0006721c       0x3f CMakeFiles/Yun_project.dir/src/tickTask.c.obj
                              0x648da (size before relaxing)
 .debug_str     0x0006725b      0x187 /opt/ST/STM32CubeCLT_1.17.0/GNU-tools-for-STM32/bin/../lib/gcc/arm-none-eabi/12.3.1/../../../../arm-none-eabi/lib/thumb/v7e-m+fp/hard/libg.a(libc_a-memcpy-stub.o)
                                0x22a (size before relaxing)

.comment        0x00000000       0x43
 .comment       0x00000000       0x43 CMakeFiles/Yun_project.dir/Drivers/FWlib/src/misc.c.obj
                                 0x44 (size before relaxing)
 .comment       0x00000043       0x44 CMakeFiles/Yun_project.dir/Drivers/FWlib/src/stm32f4xx_dma.c.obj
 .comment       0x00000043       0x44 CMakeFiles/Yun_project.dir/Drivers/FWlib/src/stm32f4xx_gpio.c.obj
 .comment       0x00000043       0x44 CMakeFiles/Yun_project.dir/Drivers/FWlib/src/stm32f4xx_rcc.c.obj
 .comment       0x00000043       0x44 CMakeFiles/Yun_project.dir/Drivers/FWlib/src/stm32f4xx_usart.c.obj
 .comment       0x00000043       0x44 CMakeFiles/Yun_project.dir/Drivers/wPeri/Src/wIO.c.obj
 .comment       0x00000043       0x44 CMakeFiles/Yun_project.dir/Drivers/wPeri/Src/wUsart.c.obj
 .comment       0x00000043       0x44 CMakeFiles/Yun_project.dir/src/main.c.obj
 .comment       0x00000043       0x44 CMakeFiles/Yun_project.dir/src/stm32f4xx_it.c.obj
 .comment       0x00000043       0x44 CMakeFiles/Yun_project.dir/src/system_stm32f4xx.c.obj
 .comment       0x00000043       0x44 CMakeFiles/Yun_project.dir/src/tickTask.c.obj
 .comment       0x00000043       0x44 /opt/ST/STM32CubeCLT_1.17.0/GNU-tools-for-STM32/bin/../lib/gcc/arm-none-eabi/12.3.1/../../../../arm-none-eabi/lib/thumb/v7e-m+fp/hard/libg.a(libc_a-memcpy-stub.o)

.debug_line_str
                0x00000000       0x7c
 .debug_line_str
                0x00000000       0x7c CMakeFiles/Yun_project.dir/Startup/startup_stm32f405rgtx.s.obj
